// Jest Snapshot v1, https://goo.gl/fbAQLP

exports[`Pruebas en <SearchPage/> Debe mostrar correctamente con valores por defecto 1`] = `undefined`;
